0
1999
5
5
10
5
9
1999
5
1066
1999
4
1066
1999
3
1066
1999
2
1066
1999
1
1066
