undefined reference 'x'
42
undefined reference 'x'
